// Jest Snapshot v1, https://goo.gl/fbAQLP

exports[`SliderBase component SliderBase renders as expected!!! 1`] = `ReactWrapper {}`;
